
> frontend@0.0.1 build
> astro build

node.exe : Error: Cannot find module @rollup/rollup-win32-x64-msvc. 
npm has a bug related to optional dependencies 
(https://github.com/npm/cli/issues/4828). Please try `npm i` again 
after removing both package-lock.json and node_modules directory.
En línea: 1 Carácter: 1
+ & "C:\Program Files\nodejs/node.exe" "C:\Program 
Files\nodejs/node_mo ...
+ 
~~~~~~~~~~~~~~~~~~~~~~~~~~~~~~~~~~~~~~~~~~~~~~~~~~~~~~~~~~~~~~~~~~~~~
    + CategoryInfo          : NotSpecified: (Error: Cannot f...ules  
   directory.:String) [], RemoteException
    + FullyQualifiedErrorId : NativeCommandError
 
    at requireWithFriendlyError (C:\Users\rsanj\Documents\Antigravity
\carreras-strydpanama\node_modules\rollup\dist\native.js:115:9)
    at Object.<anonymous> (C:\Users\rsanj\Documents\Antigravity\carre
ras-strydpanama\node_modules\rollup\dist\native.js:124:76)
    at Module._compile (node:internal/modules/cjs/loader:1761:14)
    at Object..js (node:internal/modules/cjs/loader:1893:10)
    at Module.load (node:internal/modules/cjs/loader:1481:32)
    at Module._load (node:internal/modules/cjs/loader:1300:12)
    at TracingChannel.traceSync (node:diagnostics_channel:328:14)
    at wrapModuleLoad (node:internal/modules/cjs/loader:245:24)
    at loadCJSModuleWithModuleLoad 
(node:internal/modules/esm/translators:336:3)
    at ModuleWrap.<anonymous> 
(node:internal/modules/esm/translators:239:7) {
  [cause]: Error: Cannot find module '@rollup/rollup-win32-x64-msvc'
  Require stack:
  - C:\Users\rsanj\Documents\Antigravity\carreras-strydpanama\node_mo
dules\rollup\dist\native.js
      at Module._resolveFilename 
(node:internal/modules/cjs/loader:1421:15)
      at defaultResolveImpl 
(node:internal/modules/cjs/loader:1059:19)
      at resolveForCJSWithHooks 
(node:internal/modules/cjs/loader:1064:22)
      at Module._load (node:internal/modules/cjs/loader:1227:37)
      at TracingChannel.traceSync (node:diagnostics_channel:328:14)
      at wrapModuleLoad (node:internal/modules/cjs/loader:245:24)
      at Module.require (node:internal/modules/cjs/loader:1504:12)
      at require (node:internal/modules/helpers:152:16)
      at requireWithFriendlyError (C:\Users\rsanj\Documents\Antigravi
ty\carreras-strydpanama\node_modules\rollup\dist\native.js:97:10)
      at Object.<anonymous> (C:\Users\rsanj\Documents\Antigravity\car
reras-strydpanama\node_modules\rollup\dist\native.js:124:76) {
    code: 'MODULE_NOT_FOUND',
    requireStack: [
      'C:\\Users\\rsanj\\Documents\\Antigravity\\carreras-strydpanama
\\node_modules\\rollup\\dist\\native.js'
    ]
  }
}
npm error Lifecycle script `build` failed with error:
npm error code 1
npm error path 
C:\Users\rsanj\Documents\Antigravity\carreras-strydpanama\frontend
npm error workspace frontend@0.0.1
npm error location 
C:\Users\rsanj\Documents\Antigravity\carreras-strydpanama\frontend
npm error command failed
npm error command C:\WINDOWS\system32\cmd.exe /d /s /c astro build
